[master@master ~]$ ip a
1: lo: <LOOPBACK,UP,LOWER_UP> mtu 65536 qdisc noqueue state UNKNOWN group default qlen 1000
    link/loopback 00:00:00:00:00:00 brd 00:00:00:00:00:00
    inet 127.0.0.1/8 scope host lo
       valid_lft forever preferred_lft forever
    inet6 ::1/128 scope host 
       valid_lft forever preferred_lft forever
2: ens33: <BROADCAST,MULTICAST,UP,LOWER_UP> mtu 1500 qdisc pfifo_fast state UP group default qlen 1000
    link/ether 00:0c:29:23:46:95 brd ff:ff:ff:ff:ff:ff
    inet 192.168.100.130/24 brd 192.168.100.255 scope global noprefixroute dynamic ens33
       valid_lft 1762sec preferred_lft 1762sec
    inet6 fe80::f37c:c460:1c70:e9ff/64 scope link noprefixroute 
       valid_lft forever preferred_lft forever
3: ens37: <BROADCAST,MULTICAST,UP,LOWER_UP> mtu 1500 qdisc pfifo_fast state UP group default qlen 1000
    link/ether 00:0c:29:23:46:9f brd ff:ff:ff:ff:ff:ff
    inet 10.10.10.2/24 brd 10.10.10.255 scope global noprefixroute ens37
       valid_lft forever preferred_lft forever
    inet6 fe80::83a2:21cd:cc22:2654/64 scope link noprefixroute 
       valid_lft forever preferred_lft forever
4: virbr0: <NO-CARRIER,BROADCAST,MULTICAST,UP> mtu 1500 qdisc noqueue state DOWN group default qlen 1000
    link/ether 52:54:00:0c:b6:66 brd ff:ff:ff:ff:ff:ff
    inet 192.168.122.1/24 brd 192.168.122.255 scope global virbr0
       valid_lft forever preferred_lft forever
5: virbr0-nic: <BROADCAST,MULTICAST> mtu 1500 qdisc pfifo_fast master virbr0 state DOWN group default qlen 1000
    link/ether 52:54:00:0c:b6:66 brd ff:ff:ff:ff:ff:ff
[master@master ~]$ clear
[master@master ~]$ su -
Password: 
Last login: Tue Jun  6 17:14:37 IST 2023 on pts/0
'abrt-cli status' timed out
[root@master ~]# lsdef -t osimage
centos7.9-x86_64-install-compute  (osimage)
centos7.9-x86_64-netboot-compute  (osimage)
centos7.9-x86_64-statelite-compute  (osimage)
[root@master ~]# lsdef -t osimage centos7.9-x86_64-install-compute
Object name: centos7.9-x86_64-install-compute
    imagetype=linux
    osarch=x86_64
    osdistroname=centos7.9-x86_64
    osname=Linux
    osvers=centos7.9
    otherpkgdir=/install/post/otherpkgs/centos7.9/x86_64
    otherpkglist=/install/custom/netboot/centos/otherpkgs.pkglist
    partitionfile=/install/custom/partitionfile
    pkgdir=/install/centos7.9/x86_64
    pkglist=/opt/xcat/share/xcat/install/centos/compute.centos7.pkglist
    profile=compute
    provmethod=install
    synclists=/install/custom/netboot/centos/login.synclist
    template=/opt/xcat/share/xcat/install/centos/compute.centos7.tmpl
[root@master ~]# mkdir -p /install/post/otherpkgs/centos7.6/x86_64/
[root@master ~]# cd /install/post/otherpkgs/centos7.6/x86_64/
[root@master x86_64]# createrepo .
Saving Primary metadata
Saving file lists metadata
Saving other metadata
Generating sqlite DBs
Sqlite DBs complete
[root@master x86_64]# cd
[root@master ~]# mkdir /install/custom/netboot/centos/
mkdir: cannot create directory ‘/install/custom/netboot/centos/’: File exists
[root@master ~]# vim /install/custom/netboot/centos/otherpkgs.pkglist
[root@master ~]# chdef -t osimage centos7.9-x86_64-install-compute otherpkgdir=/install/post/otherpkgs/centos7.9/x86_64 otherpkglist=/install/custom/netboot/centos/otherpkgs.pkglist
1 object definitions have been created or modified.
[root@master ~]# vim /install/custom/partitionfile 
[root@master ~]# chdef -t osimage -o centos7.9-x86_64-install-compute partitionfile=/install/custom/partitionfile
1 object definitions have been created or modified.
[root@master ~]# vim /install/custom/netboot/centos/login.synclist
[root@master ~]# chdef -t osimage -o centos7.9-x86_64-install-compute synclists=/install/custom/netboot/centos/login.synclist
1 object definitions have been created or modified.
[root@master ~]# vim /opt/xcat/share/xcat/install/centos/compute.centos7.tmpl 
[root@master ~]# vim /install/postscripts/re
reboot               remoteshell          repos/
redirectps           replace_byid_device  resyslog
[root@master ~]# vim /install/postscripts/remoteshell 
[root@master ~]# vim /install/postscripts/otherpkgs 
[root@master ~]# cat /etc/hosts
127.0.0.1   localhost localhost.localdomain localhost4 localhost4.localdomain4
::1         localhost localhost.localdomain localhost6 localhost6.localdomain6
10.10.10.2 master master.cdac.in
10.10.10.3 cn01 cn01.cdac.in 
10.10.10.4 cn02 cn02.cdac.in 
[root@master ~]# mkdef -t node xcat_3 groups=compute,all ip=10.10.10.5 mac=00:0C:29:C9:32:DA netboot=xnba
1 object definitions have been created or modified.
[root@master ~]# makehosts
[root@master ~]# cat /etc/hosts
127.0.0.1   localhost localhost.localdomain localhost4 localhost4.localdomain4
::1         localhost localhost.localdomain localhost6 localhost6.localdomain6
10.10.10.2 master master.cdac.in
10.10.10.3 cn01 cn01.cdac.in 
10.10.10.4 cn02 cn02.cdac.in 
10.10.10.5 xcat_3 xcat_3.cdac.in 
[root@master ~]# makedns
Ignoring line 10.10.10.5 xcat_3 xcat_3.cdac.in  in /etc/hosts, names  xcat_3 xcat_3.cdac.in  contain invalid characters (valid characters include a through z, numbers and the '-', but not '_'
Handling master in /etc/hosts.
Handling localhost in /etc/hosts.
Handling cn02 in /etc/hosts.
Handling localhost in /etc/hosts.
Handling cn01 in /etc/hosts.
Getting reverse zones, this may take several minutes for a large cluster.
Completed getting reverse zones.
Updating zones.
Completed updating zones.
Updating DNS records, this may take several minutes for a large cluster.
Completed updating DNS records.
DNS setup is completed
[root@master ~]# lsdef xcat_3
Object name: xcat_3
    groups=compute,all
    ip=10.10.10.5
    mac=00:0C:29:C9:32:DA
    netboot=xnba
    postbootscripts=otherpkgs
    postscripts=syslog,remoteshell,syncfiles
[root@master ~]# nodeset xcat_3 osimage=centos7.9-x86_64-install-compute
xcat_3: install centos7.9-x86_64-compute
[root@master ~]# lsdef xcat_3
Object name: xcat_3
    arch=x86_64
    currchain=boot
    currstate=install centos7.9-x86_64-compute
    groups=compute,all
    ip=10.10.10.5
    mac=00:0C:29:C9:32:DA
    netboot=xnba
    os=centos7.9
    postbootscripts=otherpkgs
    postscripts=syslog,remoteshell,syncfiles
    profile=compute
    provmethod=centos7.9-x86_64-install-compute
[root@master ~]# 
